[
    {
        "Name": "_item_name_",
        "SellIn": 29,
        "Quality": 9
    },
    {
        "Name": "Aged Brie",
        "SellIn": 29,
        "Quality": 11
    },
    {
        "Name": "Backstage passes to a TAFKAL80ETC concert",
        "SellIn": 9,
        "Quality": 12
    },
    {
        "Name": "Backstage passes to a TAFKAL80ETC concert",
        "SellIn": 4,
        "Quality": 13
    },
    {
        "Name": "Sulfuras, Hand of Ragnaros",
        "SellIn": 5,
        "Quality": 10
    },
    {
        "Name": "Aged Brie",
        "SellIn": -1,
        "Quality": 12
    },
    {
        "Name": "Backstage passes to a TAFKAL80ETC concert",
        "SellIn": -1,
        "Quality": 0
    },
    {
        "Name": "_an_expired_item_",
        "SellIn": -1,
        "Quality": 1
    },
    {
        "Name": "Sulfuras, Hand of Ragnaros",
        "SellIn": 0,
        "Quality": 3
    }
]